customer,total_no_of_orders,most_recent_order,total_price_of_orders
Joe Bloggs,1,2022-12-31,2321